'.sql Files must be embedded resources' for 'Project file items in ProjectName'
-------------------------------------------------------------------------------

	Scripts\Script2.sql
