'Project must not reference dlls from bin or obj directories' for 'Project references in ProjectName'
-----------------------------------------------------------------------------------------------------

	bin\Debug\ApprovalTests.dll
