Convention has failing items
	TestAssembly.ClassWithNonVirtualMethod has non virtual method(s):
	NonVirtual
